Archive member included to satisfy reference by file (symbol)

c:/program files (x86)/cypress/psoc creator/4.4/psoc creator/import/gnu/arm/5.4.1/bin/../lib/gcc/arm-none-eabi/5.4.1/armv7e-m/softfp\libgcc.a(_arm_addsubdf3.o)
                              .\CortexM4\ARM_GCC_541\Debug\cy_sysclk.o (__aeabi_f2d)
c:/program files (x86)/cypress/psoc creator/4.4/psoc creator/import/gnu/arm/5.4.1/bin/../lib/gcc/arm-none-eabi/5.4.1/armv7e-m/softfp\libgcc.a(_arm_muldivdf3.o)
                              .\CortexM4\ARM_GCC_541\Debug\cy_sysclk.o (__aeabi_ddiv)
c:/program files (x86)/cypress/psoc creator/4.4/psoc creator/import/gnu/arm/5.4.1/bin/../lib/gcc/arm-none-eabi/5.4.1/armv7e-m/softfp\libgcc.a(_arm_fixunsdfsi.o)
                              .\CortexM4\ARM_GCC_541\Debug\cy_sysclk.o (__aeabi_d2uiz)
c:/program files (x86)/cypress/psoc creator/4.4/psoc creator/import/gnu/arm/5.4.1/bin/../lib/gcc/arm-none-eabi/5.4.1/armv7e-m/softfp\libgcc.a(_aeabi_ldivmod.o)
                              .\CortexM4\ARM_GCC_541\Debug\cy_sar.o (__aeabi_ldivmod)
c:/program files (x86)/cypress/psoc creator/4.4/psoc creator/import/gnu/arm/5.4.1/bin/../lib/gcc/arm-none-eabi/5.4.1/armv7e-m/softfp\libgcc.a(_aeabi_uldivmod.o)
                              .\CortexM4\ARM_GCC_541\Debug\cy_sysclk.o (__aeabi_uldivmod)
c:/program files (x86)/cypress/psoc creator/4.4/psoc creator/import/gnu/arm/5.4.1/bin/../lib/gcc/arm-none-eabi/5.4.1/armv7e-m/softfp\libgcc.a(_udivmoddi4.o)
                              c:/program files (x86)/cypress/psoc creator/4.4/psoc creator/import/gnu/arm/5.4.1/bin/../lib/gcc/arm-none-eabi/5.4.1/armv7e-m/softfp\libgcc.a(_aeabi_ldivmod.o) (__udivmoddi4)
c:/program files (x86)/cypress/psoc creator/4.4/psoc creator/import/gnu/arm/5.4.1/bin/../lib/gcc/arm-none-eabi/5.4.1/armv7e-m/softfp\libgcc.a(_dvmd_tls.o)
                              c:/program files (x86)/cypress/psoc creator/4.4/psoc creator/import/gnu/arm/5.4.1/bin/../lib/gcc/arm-none-eabi/5.4.1/armv7e-m/softfp\libgcc.a(_aeabi_ldivmod.o) (__aeabi_ldiv0)
c:/program files (x86)/cypress/psoc creator/4.4/psoc creator/import/gnu/arm/5.4.1/bin/../lib/gcc/arm-none-eabi/5.4.1/../../../../arm-none-eabi/lib/armv7e-m/softfp\libg_nano.a(lib_a-exit.o)
                              c:/program files (x86)/cypress/psoc creator/4.4/psoc creator/import/gnu/arm/5.4.1/bin/../lib/gcc/arm-none-eabi/5.4.1/../../../../arm-none-eabi/lib/armv7e-m/softfp/crt0.o (exit)
c:/program files (x86)/cypress/psoc creator/4.4/psoc creator/import/gnu/arm/5.4.1/bin/../lib/gcc/arm-none-eabi/5.4.1/../../../../arm-none-eabi/lib/armv7e-m/softfp\libg_nano.a(lib_a-impure.o)
                              c:/program files (x86)/cypress/psoc creator/4.4/psoc creator/import/gnu/arm/5.4.1/bin/../lib/gcc/arm-none-eabi/5.4.1/../../../../arm-none-eabi/lib/armv7e-m/softfp\libg_nano.a(lib_a-exit.o) (_global_impure_ptr)
c:/program files (x86)/cypress/psoc creator/4.4/psoc creator/import/gnu/arm/5.4.1/bin/../lib/gcc/arm-none-eabi/5.4.1/../../../../arm-none-eabi/lib/armv7e-m/softfp\libg_nano.a(lib_a-init.o)
                              c:/program files (x86)/cypress/psoc creator/4.4/psoc creator/import/gnu/arm/5.4.1/bin/../lib/gcc/arm-none-eabi/5.4.1/../../../../arm-none-eabi/lib/armv7e-m/softfp/crt0.o (__libc_init_array)
c:/program files (x86)/cypress/psoc creator/4.4/psoc creator/import/gnu/arm/5.4.1/bin/../lib/gcc/arm-none-eabi/5.4.1/../../../../arm-none-eabi/lib/armv7e-m/softfp\libg_nano.a(lib_a-memset.o)
                              c:/program files (x86)/cypress/psoc creator/4.4/psoc creator/import/gnu/arm/5.4.1/bin/../lib/gcc/arm-none-eabi/5.4.1/../../../../arm-none-eabi/lib/armv7e-m/softfp/crt0.o (memset)
c:/program files (x86)/cypress/psoc creator/4.4/psoc creator/import/gnu/arm/5.4.1/bin/../lib/gcc/arm-none-eabi/5.4.1/../../../../arm-none-eabi/lib/armv7e-m/softfp\libg_nano.a(lib_a-strncpy.o)
                              .\CortexM4\ARM_GCC_541\Debug\cy_syslib.o (strncpy)
c:/program files (x86)/cypress/psoc creator/4.4/psoc creator/import/gnu/arm/5.4.1/bin/../lib/gcc/arm-none-eabi/5.4.1/../../../../arm-none-eabi/lib/armv7e-m/softfp\libnosys.a(_exit.o)
                              c:/program files (x86)/cypress/psoc creator/4.4/psoc creator/import/gnu/arm/5.4.1/bin/../lib/gcc/arm-none-eabi/5.4.1/../../../../arm-none-eabi/lib/armv7e-m/softfp\libg_nano.a(lib_a-exit.o) (_exit)
c:/program files (x86)/cypress/psoc creator/4.4/psoc creator/import/gnu/arm/5.4.1/bin/../lib/gcc/arm-none-eabi/5.4.1/../../../../arm-none-eabi/lib/armv7e-m/softfp\libm.a(lib_a-s_floor.o)
                              .\CortexM4\ARM_GCC_541\Debug\cy_sysclk.o (floor)
c:/program files (x86)/cypress/psoc creator/4.4/psoc creator/import/gnu/arm/5.4.1/bin/../lib/gcc/arm-none-eabi/5.4.1/../../../../arm-none-eabi/lib/armv7e-m/softfp\libm.a(lib_a-sf_ceil.o)
                              .\CortexM4\ARM_GCC_541\Debug\cy_sysclk.o (ceilf)
[...]
Memory Configuration

Name             Origin             Length             Attributes
ram              0x08024000         0x00023800         xrw
flash            0x10080000         0x00080000         xr
em_eeprom        0x14000000         0x00008000         xr
sflash_user_data 0x16000800         0x00000800         xr
sflash_nar       0x16001a00         0x00000200         xr
sflash_public_key 0x16005a00         0x00000c00         xr
sflash_toc_2     0x16007c00         0x00000200         xr
sflash_rtoc_2    0x16007e00         0x00000200         xr
xip              0x18000000         0x08000000         xr
efuse            0x90700000         0x00100000         r
*default*        0x00000000         0xffffffff

Linker script and memory map

LOAD c:/program files (x86)/cypress/psoc creator/4.4/psoc creator/import/gnu/arm/5.4.1/bin/../lib/gcc/arm-none-eabi/5.4.1/armv7e-m/softfp/crti.o
LOAD c:/program files (x86)/cypress/psoc creator/4.4/psoc creator/import/gnu/arm/5.4.1/bin/../lib/gcc/arm-none-eabi/5.4.1/armv7e-m/softfp/crtbegin.o
LOAD c:/program files (x86)/cypress/psoc creator/4.4/psoc creator/import/gnu/arm/5.4.1/bin/../lib/gcc/arm-none-eabi/5.4.1/../../../../arm-none-eabi/lib/armv7e-m/softfp/crt0.o
START GROUP
LOAD .\CortexM4\ARM_GCC_541\Debug\startup_psoc6_01_cm4.o
LOAD .\CortexM4\ARM_GCC_541\Debug\main_cm4.o
LOAD .\CortexM4\ARM_GCC_541\Debug\system_psoc6_cm4.o
LOAD .\CortexM4\ARM_GCC_541\Debug\cyfitter_sysint_cfg.o
LOAD .\CortexM4\ARM_GCC_541\Debug\cymetadata.o
LOAD .\CortexM4\ARM_GCC_541\Debug\OSCILLOSCOPE_ADC.o
LOAD .\CortexM4\ARM_GCC_541\Debug\OSCILLOSCOPE_ADC_INT.o
LOAD .\CortexM4\ARM_GCC_541\Debug\OSCILLOSCOPE_ADC_INIT.o
LOAD .\CortexM4\ARM_GCC_541\Debug\OSCILLOSCOPE_ADC_PM.o
LOAD .\CortexM4\ARM_GCC_541\Debug\FILTER_OP1.o
LOAD .\CortexM4\ARM_GCC_541\Debug\FILTER_OP0.o
LOAD .\CortexM4\ARM_GCC_541\Debug\ADC_PWM.o
LOAD .\CortexM4\ARM_GCC_541\Debug\ADC_DMA.o
LOAD .\CortexM4\ARM_GCC_541\Debug\OSCILLOSCOPE_UART.o
LOAD .\CortexM4\ARM_GCC_541\Debug\cy_ctb.o
LOAD .\CortexM4\ARM_GCC_541\Debug\cy_dma.o
LOAD .\CortexM4\ARM_GCC_541\Debug\cy_efuse.o
LOAD .\CortexM4\ARM_GCC_541\Debug\cy_flash.o
LOAD .\CortexM4\ARM_GCC_541\Debug\cy_gpio.o
LOAD .\CortexM4\ARM_GCC_541\Debug\cy_ipc_drv.o
LOAD .\CortexM4\ARM_GCC_541\Debug\cy_ipc_sema.o
LOAD .\CortexM4\ARM_GCC_541\Debug\cy_ipc_pipe.o
LOAD .\CortexM4\ARM_GCC_541\Debug\cy_lvd.o
LOAD .\CortexM4\ARM_GCC_541\Debug\cy_profile.o
LOAD .\CortexM4\ARM_GCC_541\Debug\cy_prot.o
LOAD .\CortexM4\ARM_GCC_541\Debug\cy_sar.o
LOAD .\CortexM4\ARM_GCC_541\Debug\cy_scb_common.o
LOAD .\CortexM4\ARM_GCC_541\Debug\cy_scb_i2c.o
LOAD .\CortexM4\ARM_GCC_541\Debug\cy_scb_ezi2c.o
LOAD .\CortexM4\ARM_GCC_541\Debug\cy_scb_spi.o
LOAD .\CortexM4\ARM_GCC_541\Debug\cy_scb_uart.o
LOAD .\CortexM4\ARM_GCC_541\Debug\cy_sysanalog.o
LOAD .\CortexM4\ARM_GCC_541\Debug\cy_sysclk.o
LOAD .\CortexM4\ARM_GCC_541\Debug\cy_sysint.o
LOAD .\CortexM4\ARM_GCC_541\Debug\cy_syslib.o
LOAD .\CortexM4\ARM_GCC_541\Debug\cy_syslib_gcc.o
LOAD .\CortexM4\ARM_GCC_541\Debug\cy_syspm.o
LOAD .\CortexM4\ARM_GCC_541\Debug\cy_systick.o
LOAD .\CortexM4\ARM_GCC_541\Debug\cy_tcpwm_counter.o
LOAD .\CortexM4\ARM_GCC_541\Debug\cy_tcpwm_pwm.o
LOAD .\CortexM4\ARM_GCC_541\Debug\cy_tcpwm_quaddec.o
LOAD .\CortexM4\ARM_GCC_541\Debug\cy_trigmux.o
LOAD .\CortexM4\ARM_GCC_541\Debug\cy_wdt.o
LOAD .\CortexM4\ARM_GCC_541\Debug\cy_device.o
END GROUP
START GROUP
LOAD c:/program files (x86)/cypress/psoc creator/4.4/psoc creator/import/gnu/arm/5.4.1/bin/../lib/gcc/arm-none-eabi/5.4.1/armv7e-m/softfp\libgcc.a
LOAD c:/program files (x86)/cypress/psoc creator/4.4/psoc creator/import/gnu/arm/5.4.1/bin/../lib/gcc/arm-none-eabi/5.4.1/../../../../arm-none-eabi/lib/armv7e-m/softfp\libg_nano.a
LOAD c:/program files (x86)/cypress/psoc creator/4.4/psoc creator/import/gnu/arm/5.4.1/bin/../lib/gcc/arm-none-eabi/5.4.1/../../../../arm-none-eabi/lib/armv7e-m/softfp\libc_nano.a
END GROUP
START GROUP
LOAD c:/program files (x86)/cypress/psoc creator/4.4/psoc creator/import/gnu/arm/5.4.1/bin/../lib/gcc/arm-none-eabi/5.4.1/armv7e-m/softfp\libgcc.a
LOAD c:/program files (x86)/cypress/psoc creator/4.4/psoc creator/import/gnu/arm/5.4.1/bin/../lib/gcc/arm-none-eabi/5.4.1/../../../../arm-none-eabi/lib/armv7e-m/softfp\libc_nano.a
END GROUP
LOAD c:/program files (x86)/cypress/psoc creator/4.4/psoc creator/import/gnu/arm/5.4.1/bin/../lib/gcc/arm-none-eabi/5.4.1/armv7e-m/softfp/crtend.o
LOAD c:/program files (x86)/cypress/psoc creator/4.4/psoc creator/import/gnu/arm/5.4.1/bin/../lib/gcc/arm-none-eabi/5.4.1/armv7e-m/softfp/crtn.o
START GROUP
LOAD c:/program files (x86)/cypress/psoc creator/4.4/psoc creator/import/gnu/arm/5.4.1/bin/../lib/gcc/arm-none-eabi/5.4.1/armv7e-m/softfp\libgcc.a
LOAD c:/program files (x86)/cypress/psoc creator/4.4/psoc creator/import/gnu/arm/5.4.1/bin/../lib/gcc/arm-none-eabi/5.4.1/../../../../arm-none-eabi/lib/armv7e-m/softfp\libc.a
LOAD c:/program files (x86)/cypress/psoc creator/4.4/psoc creator/import/gnu/arm/5.4.1/bin/../lib/gcc/arm-none-eabi/5.4.1/../../../../arm-none-eabi/lib/armv7e-m/softfp\libnosys.a
END GROUP
START GROUP
LOAD c:/program files (x86)/cypress/psoc creator/4.4/psoc creator/import/gnu/arm/5.4.1/bin/../lib/gcc/arm-none-eabi/5.4.1/armv7e-m/softfp\libgcc.a
LOAD c:/program files (x86)/cypress/psoc creator/4.4/psoc creator/import/gnu/arm/5.4.1/bin/../lib/gcc/arm-none-eabi/5.4.1/../../../../arm-none-eabi/lib/armv7e-m/softfp\libc.a
LOAD c:/program files (x86)/cypress/psoc creator/4.4/psoc creator/import/gnu/arm/5.4.1/bin/../lib/gcc/arm-none-eabi/5.4.1/../../../../arm-none-eabi/lib/armv7e-m/softfp\libm.a
LOAD c:/program files (x86)/cypress/psoc creator/4.4/psoc creator/import/gnu/arm/5.4.1/bin/../lib/gcc/arm-none-eabi/5.4.1/../../../../arm-none-eabi/lib/armv7e-m/softfp\libnosys.a
END GROUP

.text           0x10080000     0x29ec
                0x10080000                . = ALIGN (0x4)
                0x10080000                __Vectors = .
 *(.vectors)
 .vectors       0x10080000      0x28c .\CortexM4\ARM_GCC_541\Debug\startup_psoc6_01_cm4.o
                0x1008028c                . = ALIGN (0x4)
                0x1008028c                __Vectors_End = .
                0x0000028c                __Vectors_Size = (__Vectors_End - __Vectors)
                0x1008028c                __end__ = .
                0x1008028c                . = ALIGN (0x4)
 *(.text*)
 .text          0x1008028c       0x5c c:/program files (x86)/cypress/psoc creator/4.4/psoc creator/import/gnu/arm/5.4.1/bin/../lib/gcc/arm-none-eabi/5.4.1/armv7e-m/softfp/crtbegin.o
 .text          0x100802e8       0x84 .\CortexM4\ARM_GCC_541\Debug\startup_psoc6_01_cm4.o
                0x100802e8                Cy_OnResetUser
                0x100802ea                Reset_Handler
                0x1008034c                cpuss_interrupts_ipc_6_IRQHandler
                0x1008034c                DebugMon_Handler
                0x1008034c                tcpwm_1_interrupts_11_IRQHandler
                0x1008034c                cpuss_interrupts_ipc_0_IRQHandler
                0x1008034c                tcpwm_1_interrupts_15_IRQHandler
                0x1008034c                ioss_interrupts_gpio_13_IRQHandler
                0x1008034c                tcpwm_1_interrupts_13_IRQHandler
                0x1008034c                cpuss_interrupts_dw1_8_IRQHandler
                0x1008034c                tcpwm_0_interrupts_0_IRQHandler
                0x1008034c                SysTick_Handler
                0x1008034c                cpuss_interrupt_fm_IRQHandler
                0x1008034c                cpuss_interrupts_ipc_7_IRQHandler
                0x1008034c                tcpwm_1_interrupts_14_IRQHandler
                0x1008034c                cpuss_interrupts_dw0_5_IRQHandler
                0x1008034c                tcpwm_1_interrupts_9_IRQHandler
                0x1008034c                cpuss_interrupts_cm0_cti_1_IRQHandler
                0x1008034c                tcpwm_1_interrupts_22_IRQHandler
                0x1008034c                cpuss_interrupts_dw0_4_IRQHandler
                0x1008034c                PendSV_Handler
                0x1008034c                NMI_Handler
                0x1008034c                cpuss_interrupts_dw1_12_IRQHandler
                0x1008034c                tcpwm_1_interrupts_12_IRQHandler
                0x1008034c                smif_interrupt_IRQHandler
                0x1008034c                tcpwm_1_interrupts_2_IRQHandler
                0x1008034c                cpuss_interrupts_ipc_13_IRQHandler
                0x1008034c                udb_interrupts_11_IRQHandler
                0x1008034c                tcpwm_1_interrupts_18_IRQHandler
                0x1008034c                cpuss_interrupts_dw0_11_IRQHandler
                0x1008034c                tcpwm_0_interrupts_2_IRQHandler
                0x1008034c                cpuss_interrupts_dw0_13_IRQHandler
                0x1008034c                udb_interrupts_2_IRQHandler
                0x1008034c                cpuss_interrupts_dw1_7_IRQHandler
                0x1008034c                ioss_interrupts_gpio_1_IRQHandler
                0x1008034c                ioss_interrupts_gpio_7_IRQHandler
                0x1008034c                scb_5_interrupt_IRQHandler
                0x1008034c                udb_interrupts_6_IRQHandler
                0x1008034c                cpuss_interrupts_fault_1_IRQHandler
                0x1008034c                cpuss_interrupts_ipc_4_IRQHandler
                0x1008034c                cpuss_interrupts_ipc_5_IRQHandler
                0x1008034c                cpuss_interrupts_dw1_10_IRQHandler
                0x1008034c                udb_interrupts_0_IRQHandler
                0x1008034c                tcpwm_1_interrupts_6_IRQHandler
                0x1008034c                scb_4_interrupt_IRQHandler
                0x1008034c                pass_interrupt_dacs_IRQHandler
                0x1008034c                ioss_interrupts_gpio_2_IRQHandler
                0x1008034c                cpuss_interrupts_dw1_9_IRQHandler
                0x1008034c                cpuss_interrupts_dw1_13_IRQHandler
                0x1008034c                scb_2_interrupt_IRQHandler
                0x1008034c                cpuss_interrupts_cm0_cti_0_IRQHandler
                0x1008034c                udb_interrupts_5_IRQHandler
                0x1008034c                srss_interrupt_IRQHandler
                0x1008034c                udb_interrupts_12_IRQHandler
                0x1008034c                scb_0_interrupt_IRQHandler
                0x1008034c                csd_interrupt_IRQHandler
                0x1008034c                udb_interrupts_1_IRQHandler
                0x1008034c                profile_interrupt_IRQHandler
                0x1008034c                tcpwm_1_interrupts_1_IRQHandler
                0x1008034c                cpuss_interrupts_ipc_12_IRQHandler
                0x1008034c                tcpwm_1_interrupts_3_IRQHandler
                0x1008034c                tcpwm_0_interrupts_7_IRQHandler
                0x1008034c                cpuss_interrupts_dw1_1_IRQHandler
                0x1008034c                cpuss_interrupts_dw1_0_IRQHandler
                0x1008034c                cpuss_interrupts_dw0_9_IRQHandler
                0x1008034c                lpcomp_interrupt_IRQHandler
                0x1008034c                tcpwm_1_interrupts_23_IRQHandler
                0x1008034c                udb_interrupts_4_IRQHandler
                0x1008034c                tcpwm_1_interrupts_20_IRQHandler
                0x1008034c                ioss_interrupt_gpio_IRQHandler
                0x1008034c                tcpwm_0_interrupts_1_IRQHandler
                0x1008034c                ioss_interrupts_gpio_8_IRQHandler
                0x1008034c                tcpwm_0_interrupts_6_IRQHandler
                0x1008034c                scb_7_interrupt_IRQHandler
                0x1008034c                tcpwm_1_interrupts_7_IRQHandler
                0x1008034c                cpuss_interrupts_ipc_11_IRQHandler
                0x1008034c                udb_interrupts_13_IRQHandler
                0x1008034c                cpuss_interrupts_dw0_15_IRQHandler
                0x1008034c                udb_interrupts_7_IRQHandler
                0x1008034c                cpuss_interrupts_dw1_6_IRQHandler
                0x1008034c                cpuss_interrupt_crypto_IRQHandler
                0x1008034c                scb_1_interrupt_IRQHandler
                0x1008034c                Default_Handler
                0x1008034c                usb_interrupt_hi_IRQHandler
                0x1008034c                tcpwm_1_interrupts_0_IRQHandler
                0x1008034c                udb_interrupts_9_IRQHandler
                0x1008034c                audioss_interrupt_pdm_IRQHandler
                0x1008034c                srss_interrupt_mcwdt_0_IRQHandler
                0x1008034c                scb_3_interrupt_IRQHandler
                0x1008034c                pass_interrupt_ctbs_IRQHandler
                0x1008034c                udb_interrupts_8_IRQHandler
                0x1008034c                ioss_interrupts_gpio_3_IRQHandler
                0x1008034c                scb_6_interrupt_IRQHandler
                0x1008034c                cpuss_interrupts_cm4_cti_0_IRQHandler
                0x1008034c                cpuss_interrupts_dw1_3_IRQHandler
                0x1008034c                pass_interrupt_sar_IRQHandler
                0x1008034c                ioss_interrupts_gpio_0_IRQHandler
                0x1008034c                ioss_interrupts_gpio_14_IRQHandler
                0x1008034c                tcpwm_0_interrupts_4_IRQHandler
                0x1008034c                udb_interrupts_3_IRQHandler
                0x1008034c                tcpwm_0_interrupts_5_IRQHandler
                0x1008034c                cpuss_interrupts_ipc_15_IRQHandler
                0x1008034c                cpuss_interrupts_cm4_cti_1_IRQHandler
                0x1008034c                scb_8_interrupt_IRQHandler
                0x1008034c                srss_interrupt_mcwdt_1_IRQHandler
                0x1008034c                cpuss_interrupts_dw1_2_IRQHandler
                0x1008034c                SVC_Handler
                0x1008034c                cpuss_interrupts_dw1_5_IRQHandler
                0x1008034c                cpuss_interrupts_ipc_1_IRQHandler
                0x1008034c                cpuss_interrupts_dw0_0_IRQHandler
                0x1008034c                ioss_interrupts_gpio_12_IRQHandler
                0x1008034c                cpuss_interrupts_ipc_3_IRQHandler
                0x1008034c                tcpwm_1_interrupts_17_IRQHandler
                0x1008034c                srss_interrupt_backup_IRQHandler
                0x1008034c                bless_interrupt_IRQHandler
                0x1008034c                cpuss_interrupts_ipc_10_IRQHandler
                0x1008034c                cpuss_interrupts_ipc_9_IRQHandler
                0x1008034c                cpuss_interrupts_dw0_14_IRQHandler
                0x1008034c                tcpwm_1_interrupts_4_IRQHandler
                0x1008034c                tcpwm_0_interrupts_3_IRQHandler
                0x1008034c                cpuss_interrupts_dw1_15_IRQHandler
                0x1008034c                ioss_interrupts_gpio_10_IRQHandler
                0x1008034c                udb_interrupts_10_IRQHandler
                0x1008034c                cpuss_interrupts_dw0_8_IRQHandler
                0x1008034c                ioss_interrupts_gpio_11_IRQHandler
                0x1008034c                cpuss_interrupts_ipc_14_IRQHandler
                0x1008034c                ioss_interrupts_gpio_5_IRQHandler
                0x1008034c                ioss_interrupts_gpio_4_IRQHandler
                0x1008034c                tcpwm_1_interrupts_8_IRQHandler
                0x1008034c                cpuss_interrupts_dw1_14_IRQHandler
                0x1008034c                usb_interrupt_med_IRQHandler
                0x1008034c                cpuss_interrupts_dw0_2_IRQHandler
                0x1008034c                tcpwm_1_interrupts_10_IRQHandler
                0x1008034c                cpuss_interrupts_fault_0_IRQHandler
                0x1008034c                cpuss_interrupts_dw0_12_IRQHandler
                0x1008034c                ioss_interrupts_gpio_6_IRQHandler
                0x1008034c                tcpwm_1_interrupts_21_IRQHandler
                0x1008034c                tcpwm_1_interrupts_16_IRQHandler
                0x1008034c                cpuss_interrupts_dw1_4_IRQHandler
                0x1008034c                udb_interrupts_15_IRQHandler
                0x1008034c                cpuss_interrupts_dw1_11_IRQHandler
                0x1008034c                cpuss_interrupts_dw0_6_IRQHandler
                0x1008034c                ioss_interrupt_vdd_IRQHandler
                0x1008034c                cpuss_interrupts_dw0_7_IRQHandler
                0x1008034c                audioss_interrupt_i2s_IRQHandler
                0x1008034c                tcpwm_1_interrupts_5_IRQHandler
                0x1008034c                cpuss_interrupts_ipc_2_IRQHandler
                0x1008034c                cpuss_interrupts_dw0_10_IRQHandler
                0x1008034c                tcpwm_1_interrupts_19_IRQHandler
                0x1008034c                cpuss_interrupts_dw0_1_IRQHandler
                0x1008034c                ioss_interrupts_gpio_9_IRQHandler
                0x1008034c                usb_interrupt_lo_IRQHandler
                0x1008034c                cpuss_interrupts_ipc_8_IRQHandler
                0x1008034c                udb_interrupts_14_IRQHandler
                0x1008034c                cpuss_interrupts_dw0_3_IRQHandler
                0x10080350                UsageFault_Handler
                0x10080350                HardFault_Handler
                0x10080350                MemManage_Handler
                0x10080350                BusFault_Handler
 .text.adcDmaInit
                0x1008036c       0x84 .\CortexM4\ARM_GCC_541\Debug\main_cm4.o
                0x1008036c                adcDmaInit
 .text.main     0x100803f0       0x40 .\CortexM4\ARM_GCC_541\Debug\main_cm4.o
                0x100803f0                main
 .text.Cy_SysIpcPipeIsrCm4
                0x10080430        0xc .\CortexM4\ARM_GCC_541\Debug\system_psoc6_cm4.o
                0x10080430                Cy_SysIpcPipeIsrCm4
 .text.Cy_SystemInit
                0x1008043c        0x4 .\CortexM4\ARM_GCC_541\Debug\system_psoc6_cm4.o
                0x1008043c                Cy_SystemInit
 .text.SystemCoreClockUpdate
                0x10080440      0x188 .\CortexM4\ARM_GCC_541\Debug\system_psoc6_cm4.o
                0x10080440                SystemCoreClockUpdate
 .text.SystemInit
                0x100805c8       0x48 .\CortexM4\ARM_GCC_541\Debug\system_psoc6_cm4.o
                0x100805c8                SystemInit
 .text.Cy_SystemInitFpuEnable
                0x10080610       0x28 .\CortexM4\ARM_GCC_541\Debug\system_psoc6_cm4.o
                0x10080610                Cy_SystemInitFpuEnable
 .text.OSCILLOSCOPE_ADC_InitConfig
                0x10080638       0x1c .\CortexM4\ARM_GCC_541\Debug\OSCILLOSCOPE_ADC.o
                0x10080638                OSCILLOSCOPE_ADC_InitConfig
 .text.OSCILLOSCOPE_ADC_StartConvert
                0x10080654       0x24 .\CortexM4\ARM_GCC_541\Debug\OSCILLOSCOPE_ADC.o
                0x10080654                OSCILLOSCOPE_ADC_StartConvert
 .text.OSCILLOSCOPE_ADC_Init
                0x10080678       0x34 .\CortexM4\ARM_GCC_541\Debug\OSCILLOSCOPE_ADC.o
                0x10080678                OSCILLOSCOPE_ADC_Init
 .text.OSCILLOSCOPE_ADC_Start
                0x100806ac       0x2c .\CortexM4\ARM_GCC_541\Debug\OSCILLOSCOPE_ADC.o
                0x100806ac                OSCILLOSCOPE_ADC_Start
 .text.OSCILLOSCOPE_ADC_ISR
                0x100806d8       0x30 .\CortexM4\ARM_GCC_541\Debug\OSCILLOSCOPE_ADC_INT.o
                0x100806d8                OSCILLOSCOPE_ADC_ISR
 .text.FILTER_OP1_Start
                0x10080708       0x44 .\CortexM4\ARM_GCC_541\Debug\FILTER_OP1.o
                0x10080708                FILTER_OP1_Start
 .text.FILTER_OP0_Start
                0x1008074c       0x44 .\CortexM4\ARM_GCC_541\Debug\FILTER_OP0.o
                0x1008074c                FILTER_OP0_Start
 .text.ADC_PWM_Start
                0x10080790       0x30 .\CortexM4\ARM_GCC_541\Debug\ADC_PWM.o
                0x10080790                ADC_PWM_Start
 .text.OSCILLOSCOPE_UART_Interrupt
                0x100807c0       0x14 .\CortexM4\ARM_GCC_541\Debug\OSCILLOSCOPE_UART.o
 .text.OSCILLOSCOPE_UART_Start
                0x100807d4       0x64 .\CortexM4\ARM_GCC_541\Debug\OSCILLOSCOPE_UART.o
                0x100807d4                OSCILLOSCOPE_UART_Start
 .text.Cy_CTB_OpampInit
                0x10080838      0x188 .\CortexM4\ARM_GCC_541\Debug\cy_ctb.o
                0x10080838                Cy_CTB_OpampInit
 .text.Cy_CTB_SetPower
                0x100809c0       0x74 .\CortexM4\ARM_GCC_541\Debug\cy_ctb.o
                0x100809c0                Cy_CTB_SetPower
 .text.Cy_DMA_Descriptor_Init
                0x10080a34      0x270 .\CortexM4\ARM_GCC_541\Debug\cy_dma.o
                0x10080a34                Cy_DMA_Descriptor_Init
 .text.Cy_DMA_Channel_Init
                0x10080ca4       0xe8 .\CortexM4\ARM_GCC_541\Debug\cy_dma.o
                0x10080ca4                Cy_DMA_Channel_Init
 .text.Cy_Flash_ProcessOpcode
                0x10080d8c       0xac .\CortexM4\ARM_GCC_541\Debug\cy_flash.o
 .text.Cy_Flash_OperationStatus
                0x10080e38       0x5c .\CortexM4\ARM_GCC_541\Debug\cy_flash.o
 .text.Cy_Flash_InitExt
                0x10080e94       0x80 .\CortexM4\ARM_GCC_541\Debug\cy_flash.o
                0x10080e94                Cy_Flash_InitExt
 .text.Cy_Flash_Init
                0x10080f14       0x10 .\CortexM4\ARM_GCC_541\Debug\cy_flash.o
                0x10080f14                Cy_Flash_Init
 .text.Cy_IPC_Drv_LockRelease
                0x10080f24       0x3c .\CortexM4\ARM_GCC_541\Debug\cy_ipc_drv.o
                0x10080f24                Cy_IPC_Drv_LockRelease
 .text.Cy_IPC_Drv_SendMsgWord
                0x10080f60       0x3c .\CortexM4\ARM_GCC_541\Debug\cy_ipc_drv.o
                0x10080f60                Cy_IPC_Drv_SendMsgWord
 .text.Cy_IPC_Drv_ReadMsgWord
                0x10080f9c       0x38 .\CortexM4\ARM_GCC_541\Debug\cy_ipc_drv.o
                0x10080f9c                Cy_IPC_Drv_ReadMsgWord
 .text.Cy_IPC_Sema_InitExt
                0x10080fd4       0xac .\CortexM4\ARM_GCC_541\Debug\cy_ipc_sema.o
                0x10080fd4                Cy_IPC_Sema_InitExt
 .text.Cy_IPC_Sema_Init
                0x10081080       0x64 .\CortexM4\ARM_GCC_541\Debug\cy_ipc_sema.o
                0x10081080                Cy_IPC_Sema_Init
 .text.Cy_IPC_Sema_Clear
                0x100810e4       0x88 .\CortexM4\ARM_GCC_541\Debug\cy_ipc_sema.o
                0x100810e4                Cy_IPC_Sema_Clear
 .text.Cy_IPC_Sema_Status
                0x1008116c       0x40 .\CortexM4\ARM_GCC_541\Debug\cy_ipc_sema.o
                0x1008116c                Cy_IPC_Sema_Status
 .text.Cy_IPC_Pipe_Config
                0x100811ac       0x10 .\CortexM4\ARM_GCC_541\Debug\cy_ipc_pipe.o
                0x100811ac                Cy_IPC_Pipe_Config
 .text.Cy_IPC_Pipe_EndpointInit
                0x100811bc       0xd0 .\CortexM4\ARM_GCC_541\Debug\cy_ipc_pipe.o
                0x100811bc                Cy_IPC_Pipe_EndpointInit
 .text.Cy_IPC_Pipe_Init
                0x1008128c       0xb4 .\CortexM4\ARM_GCC_541\Debug\cy_ipc_pipe.o
                0x1008128c                Cy_IPC_Pipe_Init
 .text.Cy_IPC_Pipe_SendMessage
                0x10081340       0xa4 .\CortexM4\ARM_GCC_541\Debug\cy_ipc_pipe.o
                0x10081340                Cy_IPC_Pipe_SendMessage
 .text.Cy_IPC_Pipe_RegisterCallback
                0x100813e4       0x50 .\CortexM4\ARM_GCC_541\Debug\cy_ipc_pipe.o
                0x100813e4                Cy_IPC_Pipe_RegisterCallback
 .text.Cy_IPC_Pipe_ExecCallback
                0x10081434       0xbc .\CortexM4\ARM_GCC_541\Debug\cy_ipc_pipe.o
                0x10081434                Cy_IPC_Pipe_ExecCallback
 .text.Cy_IPC_Pipe_ExecuteCallback
                0x100814f0       0x2c .\CortexM4\ARM_GCC_541\Debug\cy_ipc_pipe.o
                0x100814f0                Cy_IPC_Pipe_ExecuteCallback
 .text.Cy_SAR_Init
                0x1008151c      0x200 .\CortexM4\ARM_GCC_541\Debug\cy_sar.o
                0x1008151c                Cy_SAR_Init
 .text.Cy_SAR_DeInit
                0x1008171c       0x70 .\CortexM4\ARM_GCC_541\Debug\cy_sar.o
                0x1008171c                Cy_SAR_DeInit
 .text.Cy_SAR_Enable
                0x1008178c       0x20 .\CortexM4\ARM_GCC_541\Debug\cy_sar.o
                0x1008178c                Cy_SAR_Enable
 .text.Cy_SAR_StartConvert
                0x100817ac       0x2c .\CortexM4\ARM_GCC_541\Debug\cy_sar.o
                0x100817ac                Cy_SAR_StartConvert
 .text.Cy_SCB_ReadArrayNoCheck
                0x100817d8       0x38 .\CortexM4\ARM_GCC_541\Debug\cy_scb_common.o
                0x100817d8                Cy_SCB_ReadArrayNoCheck
 .text.Cy_SCB_ReadArray
                0x10081810       0x1c .\CortexM4\ARM_GCC_541\Debug\cy_scb_common.o
                0x10081810                Cy_SCB_ReadArray
 .text.Cy_SCB_WriteArrayNoCheck
                0x1008182c       0x38 .\CortexM4\ARM_GCC_541\Debug\cy_scb_common.o
                0x1008182c                Cy_SCB_WriteArrayNoCheck
 .text.Cy_SCB_WriteArray
                0x10081864       0x2c .\CortexM4\ARM_GCC_541\Debug\cy_scb_common.o
                0x10081864                Cy_SCB_WriteArray
 .text.HandleDataTransmit
                0x10081890       0xdc .\CortexM4\ARM_GCC_541\Debug\cy_scb_uart.o
 .text.HandleDataReceive
                0x1008196c       0xf8 .\CortexM4\ARM_GCC_541\Debug\cy_scb_uart.o
 .text.Cy_SCB_UART_Init
                0x10081a64      0x364 .\CortexM4\ARM_GCC_541\Debug\cy_scb_uart.o
                0x10081a64                Cy_SCB_UART_Init
 .text.Cy_SCB_UART_GetNumInRingBuffer
                0x10081dc8       0x18 .\CortexM4\ARM_GCC_541\Debug\cy_scb_uart.o
                0x10081dc8                Cy_SCB_UART_GetNumInRingBuffer
 .text.HandleRingBuffer
                0x10081de0       0xcc .\CortexM4\ARM_GCC_541\Debug\cy_scb_uart.o
 .text.Cy_SCB_UART_Interrupt
                0x10081eac       0xe8 .\CortexM4\ARM_GCC_541\Debug\cy_scb_uart.o
                0x10081eac                Cy_SCB_UART_Interrupt
 .text.Cy_SysInt_SetVector
                0x10081f94       0x48 .\CortexM4\ARM_GCC_541\Debug\cy_sysint.o
                0x10081f94                Cy_SysInt_SetVector
 .text.Cy_SysInt_Init
                0x10081fdc       0x74 .\CortexM4\ARM_GCC_541\Debug\cy_sysint.o
                0x10081fdc                Cy_SysInt_Init
 .text.Cy_SysLib_Delay
                0x10082050       0x30 .\CortexM4\ARM_GCC_541\Debug\cy_syslib.o
                0x10082050                Cy_SysLib_Delay
 .text.Cy_SysLib_DelayUs
                0x10082080       0x14 .\CortexM4\ARM_GCC_541\Debug\cy_syslib.o
                0x10082080                Cy_SysLib_DelayUs
 .text.Cy_SysLib_Halt
                0x10082094        0x4 .\CortexM4\ARM_GCC_541\Debug\cy_syslib.o
                0x10082094                Cy_SysLib_Halt
 .text.Cy_SysLib_AssertFailed
                0x10082098       0x1c .\CortexM4\ARM_GCC_541\Debug\cy_syslib.o
                0x10082098                Cy_SysLib_AssertFailed
 .text.Cy_SysLib_ProcessingFault
                0x100820b4        0x4 .\CortexM4\ARM_GCC_541\Debug\cy_syslib.o
                0x100820b4                Cy_SysLib_ProcessingFault
 .text.Cy_SysLib_FaultHandler
                0x100820b8       0xa4 .\CortexM4\ARM_GCC_541\Debug\cy_syslib.o
                0x100820b8                Cy_SysLib_FaultHandler
 *fill*         0x1008215c        0x4 
 .text          0x10082160       0x20 .\CortexM4\ARM_GCC_541\Debug\cy_syslib_gcc.o
                0x10082160                Cy_SysLib_DelayCycles
                0x10082172                Cy_SysLib_EnterCriticalSection
                0x1008217a                Cy_SysLib_ExitCriticalSection
 .text.Cy_TCPWM_PWM_Init
                0x10082180      0x16c .\CortexM4\ARM_GCC_541\Debug\cy_tcpwm_pwm.o
                0x10082180                Cy_TCPWM_PWM_Init
 .text.Cy_PDL_Init
                0x100822ec        0xc .\CortexM4\ARM_GCC_541\Debug\cy_device.o
                0x100822ec                Cy_PDL_Init
 .text.memset   0x100822f8       0x10 c:/program files (x86)/cypress/psoc creator/4.4/psoc creator/import/gnu/arm/5.4.1/bin/../lib/gcc/arm-none-eabi/5.4.1/../../../../arm-none-eabi/lib/armv7e-m/softfp\libg_nano.a(lib_a-memset.o)
                0x100822f8                memset
 .text.strncpy  0x10082308       0x26 c:/program files (x86)/cypress/psoc creator/4.4/psoc creator/import/gnu/arm/5.4.1/bin/../lib/gcc/arm-none-eabi/5.4.1/../../../../arm-none-eabi/lib/armv7e-m/softfp\libg_nano.a(lib_a-strncpy.o)
                0x10082308                strncpy
 *(.init)
 *fill*         0x1008232e        0x2 
 .init          0x10082330        0x4 c:/program files (x86)/cypress/psoc creator/4.4/psoc creator/import/gnu/arm/5.4.1/bin/../lib/gcc/arm-none-eabi/5.4.1/armv7e-m/softfp/crti.o
                0x10082330                _init
 .init          0x10082334        0x8 c:/program files (x86)/cypress/psoc creator/4.4/psoc creator/import/gnu/arm/5.4.1/bin/../lib/gcc/arm-none-eabi/5.4.1/armv7e-m/softfp/crtn.o
 *(.fini)
 .fini          0x1008233c        0x4 c:/program files (x86)/cypress/psoc creator/4.4/psoc creator/import/gnu/arm/5.4.1/bin/../lib/gcc/arm-none-eabi/5.4.1/armv7e-m/softfp/crti.o
                0x1008233c                _fini
 .fini          0x10082340        0x8 c:/program files (x86)/cypress/psoc creator/4.4/psoc creator/import/gnu/arm/5.4.1/bin/../lib/gcc/arm-none-eabi/5.4.1/armv7e-m/softfp/crtn.o
 *crtbegin.o(.ctors)
 *crtbegin?.o(.ctors)
 *(EXCLUDE_FILE(*crtend.o *crtend?.o) .ctors)
 *(SORT(.ctors.*))
 *(.ctors)
 *crtbegin.o(.dtors)
 *crtbegin?.o(.dtors)
 *(EXCLUDE_FILE(*crtend.o *crtend?.o) .dtors)
 *(SORT(.dtors.*))
 *(.dtors)
 *(.rodata .rodata.* .constdata .constdata.* .conststring .conststring.*)
 .rodata.str1.4
                0x10082348       0x3b .\CortexM4\ARM_GCC_541\Debug\main_cm4.o
 *fill*         0x10082383        0x1 
 .rodata        0x10082384       0x34 .\CortexM4\ARM_GCC_541\Debug\system_psoc6_cm4.o
 .rodata        0x100823b8       0x10 .\CortexM4\ARM_GCC_541\Debug\cyfitter_sysint_cfg.o
                0x100823b8                OSCILLOSCOPE_ADC_IRQ_cfg
                0x100823c0                OSCILLOSCOPE_UART_SCB_IRQ_cfg
 .rodata.str1.4
                0x100823c8       0x3b .\CortexM4\ARM_GCC_541\Debug\OSCILLOSCOPE_ADC_INT.o
 *fill*         0x10082403        0x1 
 .rodata        0x10082404       0x88 .\CortexM4\ARM_GCC_541\Debug\OSCILLOSCOPE_ADC_INIT.o
                0x10082404                OSCILLOSCOPE_ADC_allConfigs
 .rodata        0x1008248c       0x10 .\CortexM4\ARM_GCC_541\Debug\FILTER_OP1.o
                0x1008248c                FILTER_OP1_opampConfig
 .rodata        0x1008249c       0x10 .\CortexM4\ARM_GCC_541\Debug\FILTER_OP0.o
                0x1008249c                FILTER_OP0_opampConfig
 .rodata        0x100824ac       0x64 .\CortexM4\ARM_GCC_541\Debug\ADC_PWM.o
                0x100824ac                ADC_PWM_config
 .rodata        0x10082510       0x30 .\CortexM4\ARM_GCC_541\Debug\ADC_DMA.o
                0x10082510                ADC_DMA_adcDescriptor_config
 .rodata        0x10082540       0x40 .\CortexM4\ARM_GCC_541\Debug\OSCILLOSCOPE_UART.o
                0x10082540                OSCILLOSCOPE_UART_config
 .rodata.str1.4
                0x10082580       0x3b .\CortexM4\ARM_GCC_541\Debug\cy_ctb.o
 *fill*         0x100825bb        0x1 
 .rodata.str1.4
                0x100825bc       0x77 .\CortexM4\ARM_GCC_541\Debug\cy_dma.o
 *fill*         0x10082633        0x1 
 .rodata.str1.4
                0x10082634       0x3f .\CortexM4\ARM_GCC_541\Debug\cy_flash.o
 *fill*         0x10082673        0x1 
 .rodata.str1.4
                0x10082674       0x7f .\CortexM4\ARM_GCC_541\Debug\cy_ipc_drv.o
 .rodata.str1.4
                0x100826f3       0x3f .\CortexM4\ARM_GCC_541\Debug\cy_ipc_sema.o
 *fill*         0x100826f3        0x1 
 .rodata.str1.4
                0x100826f4       0x40 .\CortexM4\ARM_GCC_541\Debug\cy_ipc_pipe.o
                                 0x7f (size before relaxing)
 .rodata.str1.4
                0x10082734       0x3b .\CortexM4\ARM_GCC_541\Debug\cy_sar.o
 *fill*         0x1008276f        0x1 
 .rodata.str1.4
                0x10082770       0xc4 .\CortexM4\ARM_GCC_541\Debug\cy_scb_uart.o
 .rodata.str1.4
                0x10082834       0x44 .\CortexM4\ARM_GCC_541\Debug\cy_sysint.o
                                 0x41 (size before relaxing)
 .rodata        0x10082878      0x170 .\CortexM4\ARM_GCC_541\Debug\cy_device.o
                0x10082878                cy_deviceIpBlockCfgPSoC6_02
                0x10082930                cy_deviceIpBlockCfgPSoC6_01
 *(.eh_frame*)
 .eh_frame      0x100829e8        0x0 c:/program files (x86)/cypress/psoc creator/4.4/psoc creator/import/gnu/arm/5.4.1/bin/../lib/gcc/arm-none-eabi/5.4.1/armv7e-m/softfp/crtbegin.o
 .eh_frame      0x100829e8        0x4 c:/program files (x86)/cypress/psoc creator/4.4/psoc creator/import/gnu/arm/5.4.1/bin/../lib/gcc/arm-none-eabi/5.4.1/armv7e-m/softfp/crtend.o

.glue_7         0x100829ec        0x0
 .glue_7        0x100829ec        0x0 linker stubs

.glue_7t        0x100829ec        0x0
 .glue_7t       0x100829ec        0x0 linker stubs

.vfp11_veneer   0x100829ec        0x0
 .vfp11_veneer  0x100829ec        0x0 linker stubs

.v4_bx          0x100829ec        0x0
 .v4_bx         0x100829ec        0x0 linker stubs

.iplt           0x100829ec        0x0
 .iplt          0x100829ec        0x0 c:/program files (x86)/cypress/psoc creator/4.4/psoc creator/import/gnu/arm/5.4.1/bin/../lib/gcc/arm-none-eabi/5.4.1/armv7e-m/softfp/crtbegin.o

.ARM.extab
 *(.ARM.extab* .gnu.linkonce.armextab.*)
                0x100829ec                __exidx_start = .

.ARM.exidx
 *(.ARM.exidx* .gnu.linkonce.armexidx.*)
                0x100829ec                __exidx_end = .

.copy.table     0x100829ec       0x18
                0x100829ec                . = ALIGN (0x4)
                0x100829ec                __copy_table_start__ = .
                0x100829ec        0x4 LONG 0x10080000 __Vectors
                0x100829f0        0x4 LONG 0x8024000 __ram_vectors_start__
                0x100829f4        0x4 LONG 0x28c (__Vectors_End - __Vectors)
                0x100829f8        0x4 LONG 0x10082a0c __etext
                0x100829fc        0x4 LONG 0x802428c __data_start__
                0x10082a00        0x4 LONG 0x5c4 (__data_end__ - __data_start__)
                0x10082a04                __copy_table_end__ = .

.zero.table     0x10082a04        0x8
                0x10082a04                . = ALIGN (0x4)
                0x10082a04                __zero_table_start__ = .
                0x10082a04        0x4 LONG 0x80248e4 __bss_start__
                0x10082a08        0x4 LONG 0x2c4 (__bss_end__ - __bss_start__)
                0x10082a0c                __zero_table_end__ = .
                0x10082a0c                __etext = .

.ramVectors     0x08024000      0x28c
                0x08024000                __ram_vectors_start__ = .
 *(.ram_vectors)
 .ram_vectors   0x08024000      0x28c .\CortexM4\ARM_GCC_541\Debug\startup_psoc6_01_cm4.o
                0x08024000                __ramVectors
                0x0802428c                __ram_vectors_end__ = .

.data           0x0802428c      0x5c4 load address 0x10082a0c
                0x0802428c                __data_start__ = .
 *(vtable)
 *(.data*)
 .data          0x0802428c       0x1c .\CortexM4\ARM_GCC_541\Debug\system_psoc6_cm4.o
                0x0802428c                cy_Hfclk0FreqHz
                0x08024290                cy_PeriClkFreqHz
                0x08024294                SystemCoreClock
                0x08024298                cy_delayFreqHz
                0x0802429c                cy_delayFreqMhz
                0x080242a0                cy_delayFreqKhz
                0x080242a4                cy_delay32kMs
 .data          0x080242a8        0x1 .\CortexM4\ARM_GCC_541\Debug\FILTER_OP1.o
                0x080242a8                FILTER_OP1_opampPower
 .data          0x080242a9        0x1 .\CortexM4\ARM_GCC_541\Debug\FILTER_OP0.o
                0x080242a9                FILTER_OP0_opampPower
                0x080242ac                . = ALIGN (0x4)
 *fill*         0x080242aa        0x2 
                0x080242ac                PROVIDE (__preinit_array_start, .)
 *(.preinit_array)
                0x080242ac                PROVIDE (__preinit_array_end, .)
                0x080242ac                . = ALIGN (0x4)
                0x080242ac                PROVIDE (__init_array_start, .)
 *(SORT(.init_array.*))
 *(.init_array)
 .init_array    0x080242ac        0x4 c:/program files (x86)/cypress/psoc creator/4.4/psoc creator/import/gnu/arm/5.4.1/bin/../lib/gcc/arm-none-eabi/5.4.1/armv7e-m/softfp/crtbegin.o
                0x080242b0                PROVIDE (__init_array_end, .)
                0x080242b0                . = ALIGN (0x4)
                [!provide]                PROVIDE (__fini_array_start, .)
 *(SORT(.fini_array.*))
 *(.fini_array)
 .fini_array    0x080242b0        0x4 c:/program files (x86)/cypress/psoc creator/4.4/psoc creator/import/gnu/arm/5.4.1/bin/../lib/gcc/arm-none-eabi/5.4.1/armv7e-m/softfp/crtbegin.o
                [!provide]                PROVIDE (__fini_array_end, .)
 *(.jcr*)
 .jcr           0x080242b4        0x0 c:/program files (x86)/cypress/psoc creator/4.4/psoc creator/import/gnu/arm/5.4.1/bin/../lib/gcc/arm-none-eabi/5.4.1/armv7e-m/softfp/crtbegin.o
 .jcr           0x080242b4        0x4 c:/program files (x86)/cypress/psoc creator/4.4/psoc creator/import/gnu/arm/5.4.1/bin/../lib/gcc/arm-none-eabi/5.4.1/armv7e-m/softfp/crtend.o
                0x080242b8                . = ALIGN (0x4)
 *(.cy_ramfunc*)
 .cy_ramfunc    0x080242b8      0x300 .\CortexM4\ARM_GCC_541\Debug\cy_flash.o
                0x08024324                Cy_Flash_ResumeIrqHandler
 .cy_ramfunc    0x080245b8      0x218 .\CortexM4\ARM_GCC_541\Debug\cy_syspm.o
 .cy_ramfunc.__stub
                0x080247d0       0x80 linker stubs
                0x08024850                . = ALIGN (0x4)
                0x08024850                __data_end__ = .

.igot.plt       0x08024850        0x0 load address 0x10082fd0
 .igot.plt      0x08024850        0x0 c:/program files (x86)/cypress/psoc creator/4.4/psoc creator/import/gnu/arm/5.4.1/bin/../lib/gcc/arm-none-eabi/5.4.1/armv7e-m/softfp/crtbegin.o

.noinit         0x08024850       0x94 load address 0x10082fd0
 *(.noinit)
 .noinit        0x08024850       0x94 .\CortexM4\ARM_GCC_541\Debug\cy_syslib.o
                0x08024850                cy_assertFileName
                0x08024868                cy_assertLine
                0x0802486c                cy_faultFrame

.bss            0x080248e4      0x2c4 load address 0x10083064
                0x080248e4                . = ALIGN (0x4)
                0x080248e4                __bss_start__ = .
 *(.bss*)
 .bss           0x080248e4       0x1c c:/program files (x86)/cypress/psoc creator/4.4/psoc creator/import/gnu/arm/5.4.1/bin/../lib/gcc/arm-none-eabi/5.4.1/armv7e-m/softfp/crtbegin.o
 .bss           0x08024900      0x180 .\CortexM4\ARM_GCC_541\Debug\system_psoc6_cm4.o
 .bss           0x08024a80        0x6 .\CortexM4\ARM_GCC_541\Debug\OSCILLOSCOPE_ADC.o
                0x08024a80                OSCILLOSCOPE_ADC_currentConfig
                0x08024a84                OSCILLOSCOPE_ADC_initVar
                0x08024a85                OSCILLOSCOPE_ADC_selected
 .bss           0x08024a86        0x1 .\CortexM4\ARM_GCC_541\Debug\FILTER_OP1.o
                0x08024a86                FILTER_OP1_initVar
 .bss           0x08024a87        0x1 .\CortexM4\ARM_GCC_541\Debug\FILTER_OP0.o
                0x08024a87                FILTER_OP0_initVar
 .bss           0x08024a88        0x1 .\CortexM4\ARM_GCC_541\Debug\ADC_PWM.o
                0x08024a88                ADC_PWM_initVar
 *fill*         0x08024a89        0x3 
 .bss           0x08024a8c       0x19 .\CortexM4\ARM_GCC_541\Debug\ADC_DMA.o
                0x08024a8c                ADC_DMA_adcDescriptor
                0x08024aa4                ADC_DMA_initVar
 .bss           0x08024aa5        0x1 .\CortexM4\ARM_GCC_541\Debug\OSCILLOSCOPE_UART.o
                0x08024aa5                OSCILLOSCOPE_UART_initVar
 *fill*         0x08024aa6        0x2 
 .bss           0x08024aa8       0x18 .\CortexM4\ARM_GCC_541\Debug\cy_flash.o
 .bss           0x08024ac0        0xc .\CortexM4\ARM_GCC_541\Debug\cy_ipc_sema.o
 .bss           0x08024acc        0x4 .\CortexM4\ARM_GCC_541\Debug\cy_ipc_pipe.o
 .bss           0x08024ad0       0x3c .\CortexM4\ARM_GCC_541\Debug\cy_syspm.o
 *(COMMON)
 COMMON         0x08024b0c       0x38 .\CortexM4\ARM_GCC_541\Debug\OSCILLOSCOPE_UART.o
                0x08024b0c                OSCILLOSCOPE_UART_context
 COMMON         0x08024b44       0x60 .\CortexM4\ARM_GCC_541\Debug\cy_sar.o
                0x08024b44                Cy_SAR_offset
                0x08024b64                Cy_SAR_countsPer10Volt
 COMMON         0x08024ba4        0x4 .\CortexM4\ARM_GCC_541\Debug\cy_device.o
                0x08024ba4                cy_device
                0x08024ba8                . = ALIGN (0x4)
                0x08024ba8                __bss_end__ = .

.heap           0x08024ba8      0x400
                0x08024ba8                __HeapBase = .
                0x08024ba8                __end__ = .
                0x08024ba8                end = __end__
 *(.heap*)
 .heap          0x08024ba8      0x400 .\CortexM4\ARM_GCC_541\Debug\startup_psoc6_01_cm4.o
                0x08024fa8                __HeapLimit = .

.stack_dummy    0x08024ba8     0x1000
 *(.stack*)
 .stack         0x08024ba8     0x1000 .\CortexM4\ARM_GCC_541\Debug\startup_psoc6_01_cm4.o
                0x08047800                __StackTop = (ORIGIN (ram) + LENGTH (ram))
                0x08046800                __StackLimit = (__StackTop - SIZEOF (.stack_dummy))
                0x08047800                PROVIDE (__stack, __StackTop)
                0x00000001                ASSERT ((__StackLimit >= __HeapLimit), region RAM overflowed with stack)

.cy_app_signature
 *(.cy_app_signature)

.cy_em_eeprom
 *(.cy_em_eeprom)

.cy_sflash_user_data
 *(.cy_sflash_user_data)

.cy_sflash_nar
 *(.cy_sflash_nar)

.cy_sflash_public_key
 *(.cy_sflash_public_key)

.cy_toc_part2
 *(.cy_toc_part2)

.cy_rtoc_part2
 *(.cy_rtoc_part2)

.cy_xip
 *(.cy_xip)

.cy_efuse
 *(.cy_efuse)

.cymeta         0x90500000        0xc
 *(.cymeta)
 .cymeta        0x90500000        0xc .\CortexM4\ARM_GCC_541\Debug\cymetadata.o
                0x90500000                cy_metadata
                0x10000000                __cy_memory_0_start = 0x10000000
                0x00100000                __cy_memory_0_length = 0x100000
                0x00000200                __cy_memory_0_row_size = 0x200
                0x14000000                __cy_memory_1_start = 0x14000000
                0x00008000                __cy_memory_1_length = 0x8000
                0x00000200                __cy_memory_1_row_size = 0x200
                0x16000000                __cy_memory_2_start = 0x16000000
                0x00008000                __cy_memory_2_length = 0x8000
                0x00000200                __cy_memory_2_row_size = 0x200
                0x18000000                __cy_memory_3_start = 0x18000000
                0x08000000                __cy_memory_3_length = 0x8000000
                0x00000200                __cy_memory_3_row_size = 0x200
                0x90700000                __cy_memory_4_start = 0x90700000
                0x00100000                __cy_memory_4_length = 0x100000
                0x00000001                __cy_memory_4_row_size = 0x1
OUTPUT(C:\Users\Ramon\Desktop\byte-oscilloscope-fw\Oscilloscope\Byte-Oscilloscope.cydsn\CortexM4\ARM_GCC_541\Debug\Byte-Oscilloscope_link.elf elf32-littlearm)

.rel.dyn        0x08024ba8        0x0 load address 0x9855e78c
 .rel.iplt      0x08024ba8        0x0 c:/program files (x86)/cypress/psoc creator/4.4/psoc creator/import/gnu/arm/5.4.1/bin/../lib/gcc/arm-none-eabi/5.4.1/armv7e-m/softfp/crtbegin.o

.ARM.attributes
                0x00000000       0x2e
 .ARM.attributes
                0x00000000       0x22 c:/program files (x86)/cypress/psoc creator/4.4/psoc creator/import/gnu/arm/5.4.1/bin/../lib/gcc/arm-none-eabi/5.4.1/armv7e-m/softfp/crti.o
 .ARM.attributes
                0x00000022       0x32 c:/program files (x86)/cypress/psoc creator/4.4/psoc creator/import/gnu/arm/5.4.1/bin/../lib/gcc/arm-none-eabi/5.4.1/armv7e-m/softfp/crtbegin.o
 .ARM.attributes
                0x00000054       0x1f .\CortexM4\ARM_GCC_541\Debug\startup_psoc6_01_cm4.o
 .ARM.attributes
                0x00000073       0x37 .\CortexM4\ARM_GCC_541\Debug\main_cm4.o
 .ARM.attributes
                0x000000aa       0x37 .\CortexM4\ARM_GCC_541\Debug\system_psoc6_cm4.o
 .ARM.attributes
                0x000000e1       0x37 .\CortexM4\ARM_GCC_541\Debug\cyfitter_sysint_cfg.o
 .ARM.attributes
                0x00000118       0x37 .\CortexM4\ARM_GCC_541\Debug\cymetadata.o
 .ARM.attributes
                0x0000014f       0x37 .\CortexM4\ARM_GCC_541\Debug\OSCILLOSCOPE_ADC.o
 .ARM.attributes
                0x00000186       0x37 .\CortexM4\ARM_GCC_541\Debug\OSCILLOSCOPE_ADC_INT.o
 .ARM.attributes
                0x000001bd       0x37 .\CortexM4\ARM_GCC_541\Debug\OSCILLOSCOPE_ADC_INIT.o
 .ARM.attributes
                0x000001f4       0x37 .\CortexM4\ARM_GCC_541\Debug\FILTER_OP1.o
 .ARM.attributes
                0x0000022b       0x37 .\CortexM4\ARM_GCC_541\Debug\FILTER_OP0.o
 .ARM.attributes
                0x00000262       0x37 .\CortexM4\ARM_GCC_541\Debug\ADC_PWM.o
 .ARM.attributes
                0x00000299       0x37 .\CortexM4\ARM_GCC_541\Debug\ADC_DMA.o
 .ARM.attributes
                0x000002d0       0x37 .\CortexM4\ARM_GCC_541\Debug\OSCILLOSCOPE_UART.o
 .ARM.attributes
                0x00000307       0x37 .\CortexM4\ARM_GCC_541\Debug\cy_ctb.o
 .ARM.attributes
                0x0000033e       0x37 .\CortexM4\ARM_GCC_541\Debug\cy_dma.o
 .ARM.attributes
                0x00000375       0x37 .\CortexM4\ARM_GCC_541\Debug\cy_flash.o
 .ARM.attributes
                0x000003ac       0x37 .\CortexM4\ARM_GCC_541\Debug\cy_ipc_drv.o
 .ARM.attributes
                0x000003e3       0x37 .\CortexM4\ARM_GCC_541\Debug\cy_ipc_sema.o
 .ARM.attributes
                0x0000041a       0x37 .\CortexM4\ARM_GCC_541\Debug\cy_ipc_pipe.o
 .ARM.attributes
                0x00000451       0x37 .\CortexM4\ARM_GCC_541\Debug\cy_sar.o
 .ARM.attributes
                0x00000488       0x37 .\CortexM4\ARM_GCC_541\Debug\cy_scb_common.o
 .ARM.attributes
                0x000004bf       0x37 .\CortexM4\ARM_GCC_541\Debug\cy_scb_uart.o
 .ARM.attributes
                0x000004f6       0x37 .\CortexM4\ARM_GCC_541\Debug\cy_sysint.o
 .ARM.attributes
                0x0000052d       0x37 .\CortexM4\ARM_GCC_541\Debug\cy_syslib.o
 .ARM.attributes
                0x00000564       0x25 .\CortexM4\ARM_GCC_541\Debug\cy_syslib_gcc.o
 .ARM.attributes
                0x00000589       0x37 .\CortexM4\ARM_GCC_541\Debug\cy_syspm.o
 .ARM.attributes
                0x000005c0       0x37 .\CortexM4\ARM_GCC_541\Debug\cy_tcpwm_pwm.o
 .ARM.attributes
                0x000005f7       0x37 .\CortexM4\ARM_GCC_541\Debug\cy_device.o
 .ARM.attributes
                0x0000062e       0x32 c:/program files (x86)/cypress/psoc creator/4.4/psoc creator/import/gnu/arm/5.4.1/bin/../lib/gcc/arm-none-eabi/5.4.1/../../../../arm-none-eabi/lib/armv7e-m/softfp\libg_nano.a(lib_a-memset.o)
 .ARM.attributes
                0x00000660       0x32 c:/program files (x86)/cypress/psoc creator/4.4/psoc creator/import/gnu/arm/5.4.1/bin/../lib/gcc/arm-none-eabi/5.4.1/../../../../arm-none-eabi/lib/armv7e-m/softfp\libg_nano.a(lib_a-strncpy.o)
 .ARM.attributes
                0x00000692       0x32 c:/program files (x86)/cypress/psoc creator/4.4/psoc creator/import/gnu/arm/5.4.1/bin/../lib/gcc/arm-none-eabi/5.4.1/armv7e-m/softfp/crtend.o
 .ARM.attributes
                0x000006c4       0x22 c:/program files (x86)/cypress/psoc creator/4.4/psoc creator/import/gnu/arm/5.4.1/bin/../lib/gcc/arm-none-eabi/5.4.1/armv7e-m/softfp/crtn.o

.comment        0x00000000       0x6e
 .comment       0x00000000       0x6e .\CortexM4\ARM_GCC_541\Debug\main_cm4.o
                                 0x6f (size before relaxing)
 .comment       0x0000006e       0x6f .\CortexM4\ARM_GCC_541\Debug\system_psoc6_cm4.o
 .comment       0x0000006e       0x6f .\CortexM4\ARM_GCC_541\Debug\cyfitter_sysint_cfg.o
 .comment       0x0000006e       0x6f .\CortexM4\ARM_GCC_541\Debug\cymetadata.o
 .comment       0x0000006e       0x6f .\CortexM4\ARM_GCC_541\Debug\OSCILLOSCOPE_ADC.o
 .comment       0x0000006e       0x6f .\CortexM4\ARM_GCC_541\Debug\OSCILLOSCOPE_ADC_INT.o
 .comment       0x0000006e       0x6f .\CortexM4\ARM_GCC_541\Debug\OSCILLOSCOPE_ADC_INIT.o
 .comment       0x0000006e       0x6f .\CortexM4\ARM_GCC_541\Debug\FILTER_OP1.o
 .comment       0x0000006e       0x6f .\CortexM4\ARM_GCC_541\Debug\FILTER_OP0.o
 .comment       0x0000006e       0x6f .\CortexM4\ARM_GCC_541\Debug\ADC_PWM.o
 .comment       0x0000006e       0x6f .\CortexM4\ARM_GCC_541\Debug\ADC_DMA.o
 .comment       0x0000006e       0x6f .\CortexM4\ARM_GCC_541\Debug\OSCILLOSCOPE_UART.o
 .comment       0x0000006e       0x6f .\CortexM4\ARM_GCC_541\Debug\cy_ctb.o
 .comment       0x0000006e       0x6f .\CortexM4\ARM_GCC_541\Debug\cy_dma.o
 .comment       0x0000006e       0x6f .\CortexM4\ARM_GCC_541\Debug\cy_flash.o
 .comment       0x0000006e       0x6f .\CortexM4\ARM_GCC_541\Debug\cy_ipc_drv.o
 .comment       0x0000006e       0x6f .\CortexM4\ARM_GCC_541\Debug\cy_ipc_sema.o
 .comment       0x0000006e       0x6f .\CortexM4\ARM_GCC_541\Debug\cy_ipc_pipe.o
 .comment       0x0000006e       0x6f .\CortexM4\ARM_GCC_541\Debug\cy_sar.o
 .comment       0x0000006e       0x6f .\CortexM4\ARM_GCC_541\Debug\cy_scb_common.o
 .comment       0x0000006e       0x6f .\CortexM4\ARM_GCC_541\Debug\cy_scb_uart.o
 .comment       0x0000006e       0x6f .\CortexM4\ARM_GCC_541\Debug\cy_sysint.o
 .comment       0x0000006e       0x6f .\CortexM4\ARM_GCC_541\Debug\cy_syslib.o
 .comment       0x0000006e       0x6f .\CortexM4\ARM_GCC_541\Debug\cy_syspm.o
 .comment       0x0000006e       0x6f .\CortexM4\ARM_GCC_541\Debug\cy_tcpwm_pwm.o
 .comment       0x0000006e       0x6f .\CortexM4\ARM_GCC_541\Debug\cy_device.o

.debug_line     0x00000000     0x7598
 .debug_line    0x00000000       0x8e .\CortexM4\ARM_GCC_541\Debug\startup_psoc6_01_cm4.o
 .debug_line    0x0000008e      0x52d .\CortexM4\ARM_GCC_541\Debug\main_cm4.o
 .debug_line    0x000005bb      0x433 .\CortexM4\ARM_GCC_541\Debug\system_psoc6_cm4.o
 .debug_line    0x000009ee      0x24f .\CortexM4\ARM_GCC_541\Debug\cyfitter_sysint_cfg.o
 .debug_line    0x00000c3d      0x141 .\CortexM4\ARM_GCC_541\Debug\cymetadata.o
 .debug_line    0x00000d7e      0x48c .\CortexM4\ARM_GCC_541\Debug\OSCILLOSCOPE_ADC.o
 .debug_line    0x0000120a      0x304 .\CortexM4\ARM_GCC_541\Debug\OSCILLOSCOPE_ADC_INT.o
 .debug_line    0x0000150e      0x25f .\CortexM4\ARM_GCC_541\Debug\OSCILLOSCOPE_ADC_INIT.o
 .debug_line    0x0000176d      0x2b8 .\CortexM4\ARM_GCC_541\Debug\FILTER_OP1.o
 .debug_line    0x00001a25      0x2b8 .\CortexM4\ARM_GCC_541\Debug\FILTER_OP0.o
 .debug_line    0x00001cdd      0x26f .\CortexM4\ARM_GCC_541\Debug\ADC_PWM.o
 .debug_line    0x00001f4c      0x316 .\CortexM4\ARM_GCC_541\Debug\ADC_DMA.o
 .debug_line    0x00002262      0x34c .\CortexM4\ARM_GCC_541\Debug\OSCILLOSCOPE_UART.o
 .debug_line    0x000025ae      0x9d4 .\CortexM4\ARM_GCC_541\Debug\cy_ctb.o
 .debug_line    0x00002f82      0x4d8 .\CortexM4\ARM_GCC_541\Debug\cy_dma.o
 .debug_line    0x0000345a      0x7d2 .\CortexM4\ARM_GCC_541\Debug\cy_flash.o
 .debug_line    0x00003c2c      0x33e .\CortexM4\ARM_GCC_541\Debug\cy_ipc_drv.o
 .debug_line    0x00003f6a      0x407 .\CortexM4\ARM_GCC_541\Debug\cy_ipc_sema.o
 .debug_line    0x00004371      0x57c .\CortexM4\ARM_GCC_541\Debug\cy_ipc_pipe.o
 .debug_line    0x000048ed      0x6e6 .\CortexM4\ARM_GCC_541\Debug\cy_sar.o
 .debug_line    0x00004fd3      0x4d9 .\CortexM4\ARM_GCC_541\Debug\cy_scb_common.o
 .debug_line    0x000054ac      0xa60 .\CortexM4\ARM_GCC_541\Debug\cy_scb_uart.o
 .debug_line    0x00005f0c      0x2db .\CortexM4\ARM_GCC_541\Debug\cy_sysint.o
 .debug_line    0x000061e7      0x482 .\CortexM4\ARM_GCC_541\Debug\cy_syslib.o
 .debug_line    0x00006669       0x89 .\CortexM4\ARM_GCC_541\Debug\cy_syslib_gcc.o
 .debug_line    0x000066f2      0xa5a .\CortexM4\ARM_GCC_541\Debug\cy_syspm.o
 .debug_line    0x0000714c      0x2ce .\CortexM4\ARM_GCC_541\Debug\cy_tcpwm_pwm.o
 .debug_line    0x0000741a      0x17e .\CortexM4\ARM_GCC_541\Debug\cy_device.o

.debug_info     0x00000000    0x20557
 .debug_info    0x00000000       0x94 .\CortexM4\ARM_GCC_541\Debug\startup_psoc6_01_cm4.o
 .debug_info    0x00000094     0x1e29 .\CortexM4\ARM_GCC_541\Debug\main_cm4.o
 .debug_info    0x00001ebd     0x1ba2 .\CortexM4\ARM_GCC_541\Debug\system_psoc6_cm4.o
 .debug_info    0x00003a5f      0x95b .\CortexM4\ARM_GCC_541\Debug\cyfitter_sysint_cfg.o
 .debug_info    0x000043ba       0xac .\CortexM4\ARM_GCC_541\Debug\cymetadata.o
 .debug_info    0x00004466     0x1603 .\CortexM4\ARM_GCC_541\Debug\OSCILLOSCOPE_ADC.o
 .debug_info    0x00005a69      0xbba .\CortexM4\ARM_GCC_541\Debug\OSCILLOSCOPE_ADC_INT.o
 .debug_info    0x00006623      0x712 .\CortexM4\ARM_GCC_541\Debug\OSCILLOSCOPE_ADC_INIT.o
 .debug_info    0x00006d35      0xa58 .\CortexM4\ARM_GCC_541\Debug\FILTER_OP1.o
 .debug_info    0x0000778d      0xa58 .\CortexM4\ARM_GCC_541\Debug\FILTER_OP0.o
 .debug_info    0x000081e5      0x4d5 .\CortexM4\ARM_GCC_541\Debug\ADC_PWM.o
 .debug_info    0x000086ba      0xceb .\CortexM4\ARM_GCC_541\Debug\ADC_DMA.o
 .debug_info    0x000093a5     0x13db .\CortexM4\ARM_GCC_541\Debug\OSCILLOSCOPE_UART.o
 .debug_info    0x0000a780     0x1eff .\CortexM4\ARM_GCC_541\Debug\cy_ctb.o
 .debug_info    0x0000c67f     0x130c .\CortexM4\ARM_GCC_541\Debug\cy_dma.o
 .debug_info    0x0000d98b     0x2a10 .\CortexM4\ARM_GCC_541\Debug\cy_flash.o
 .debug_info    0x0001039b      0x906 .\CortexM4\ARM_GCC_541\Debug\cy_ipc_drv.o
 .debug_info    0x00010ca1      0xc1e .\CortexM4\ARM_GCC_541\Debug\cy_ipc_sema.o
 .debug_info    0x000118bf     0x1952 .\CortexM4\ARM_GCC_541\Debug\cy_ipc_pipe.o
 .debug_info    0x00013211     0x1a25 .\CortexM4\ARM_GCC_541\Debug\cy_sar.o
 .debug_info    0x00014c36     0x11b0 .\CortexM4\ARM_GCC_541\Debug\cy_scb_common.o
 .debug_info    0x00015de6     0x29bc .\CortexM4\ARM_GCC_541\Debug\cy_scb_uart.o
 .debug_info    0x000187a2      0xe11 .\CortexM4\ARM_GCC_541\Debug\cy_sysint.o
 .debug_info    0x000195b3     0x24fa .\CortexM4\ARM_GCC_541\Debug\cy_syslib.o
 .debug_info    0x0001baad       0xc2 .\CortexM4\ARM_GCC_541\Debug\cy_syslib_gcc.o
 .debug_info    0x0001bb6f     0x4014 .\CortexM4\ARM_GCC_541\Debug\cy_syspm.o
 .debug_info    0x0001fb83      0x483 .\CortexM4\ARM_GCC_541\Debug\cy_tcpwm_pwm.o
 .debug_info    0x00020006      0x551 .\CortexM4\ARM_GCC_541\Debug\cy_device.o

.debug_abbrev   0x00000000     0x36d2
 .debug_abbrev  0x00000000       0x14 .\CortexM4\ARM_GCC_541\Debug\startup_psoc6_01_cm4.o
 .debug_abbrev  0x00000014      0x27e .\CortexM4\ARM_GCC_541\Debug\main_cm4.o
 .debug_abbrev  0x00000292      0x23a .\CortexM4\ARM_GCC_541\Debug\system_psoc6_cm4.o
 .debug_abbrev  0x000004cc       0xe3 .\CortexM4\ARM_GCC_541\Debug\cyfitter_sysint_cfg.o
 .debug_abbrev  0x000005af       0x5d .\CortexM4\ARM_GCC_541\Debug\cymetadata.o
 .debug_abbrev  0x0000060c      0x2c6 .\CortexM4\ARM_GCC_541\Debug\OSCILLOSCOPE_ADC.o
 .debug_abbrev  0x000008d2      0x1b4 .\CortexM4\ARM_GCC_541\Debug\OSCILLOSCOPE_ADC_INT.o
 .debug_abbrev  0x00000a86       0xfb .\CortexM4\ARM_GCC_541\Debug\OSCILLOSCOPE_ADC_INIT.o
 .debug_abbrev  0x00000b81      0x1bf .\CortexM4\ARM_GCC_541\Debug\FILTER_OP1.o
 .debug_abbrev  0x00000d40      0x1bf .\CortexM4\ARM_GCC_541\Debug\FILTER_OP0.o
 .debug_abbrev  0x00000eff      0x15f .\CortexM4\ARM_GCC_541\Debug\ADC_PWM.o
 .debug_abbrev  0x0000105e      0x1fe .\CortexM4\ARM_GCC_541\Debug\ADC_DMA.o
 .debug_abbrev  0x0000125c      0x21d .\CortexM4\ARM_GCC_541\Debug\OSCILLOSCOPE_UART.o
 .debug_abbrev  0x00001479      0x26d .\CortexM4\ARM_GCC_541\Debug\cy_ctb.o
 .debug_abbrev  0x000016e6      0x2b0 .\CortexM4\ARM_GCC_541\Debug\cy_dma.o
 .debug_abbrev  0x00001996      0x356 .\CortexM4\ARM_GCC_541\Debug\cy_flash.o
 .debug_abbrev  0x00001cec      0x188 .\CortexM4\ARM_GCC_541\Debug\cy_ipc_drv.o
 .debug_abbrev  0x00001e74      0x219 .\CortexM4\ARM_GCC_541\Debug\cy_ipc_sema.o
 .debug_abbrev  0x0000208d      0x32b .\CortexM4\ARM_GCC_541\Debug\cy_ipc_pipe.o
 .debug_abbrev  0x000023b8      0x2c4 .\CortexM4\ARM_GCC_541\Debug\cy_sar.o
 .debug_abbrev  0x0000267c      0x294 .\CortexM4\ARM_GCC_541\Debug\cy_scb_common.o
 .debug_abbrev  0x00002910      0x332 .\CortexM4\ARM_GCC_541\Debug\cy_scb_uart.o
 .debug_abbrev  0x00002c42      0x230 .\CortexM4\ARM_GCC_541\Debug\cy_sysint.o
 .debug_abbrev  0x00002e72      0x337 .\CortexM4\ARM_GCC_541\Debug\cy_syslib.o
 .debug_abbrev  0x000031a9       0x14 .\CortexM4\ARM_GCC_541\Debug\cy_syslib_gcc.o
 .debug_abbrev  0x000031bd      0x320 .\CortexM4\ARM_GCC_541\Debug\cy_syspm.o
 .debug_abbrev  0x000034dd      0x158 .\CortexM4\ARM_GCC_541\Debug\cy_tcpwm_pwm.o
 .debug_abbrev  0x00003635       0x9d .\CortexM4\ARM_GCC_541\Debug\cy_device.o

.debug_aranges  0x00000000      0x8f0
 .debug_aranges
                0x00000000       0x20 .\CortexM4\ARM_GCC_541\Debug\startup_psoc6_01_cm4.o
 .debug_aranges
                0x00000020       0x28 .\CortexM4\ARM_GCC_541\Debug\main_cm4.o
 .debug_aranges
                0x00000048       0x40 .\CortexM4\ARM_GCC_541\Debug\system_psoc6_cm4.o
 .debug_aranges
                0x00000088       0x18 .\CortexM4\ARM_GCC_541\Debug\cyfitter_sysint_cfg.o
 .debug_aranges
                0x000000a0       0x18 .\CortexM4\ARM_GCC_541\Debug\cymetadata.o
 .debug_aranges
                0x000000b8       0x78 .\CortexM4\ARM_GCC_541\Debug\OSCILLOSCOPE_ADC.o
 .debug_aranges
                0x00000130       0x20 .\CortexM4\ARM_GCC_541\Debug\OSCILLOSCOPE_ADC_INT.o
 .debug_aranges
                0x00000150       0x18 .\CortexM4\ARM_GCC_541\Debug\OSCILLOSCOPE_ADC_INIT.o
 .debug_aranges
                0x00000168       0x20 .\CortexM4\ARM_GCC_541\Debug\FILTER_OP1.o
 .debug_aranges
                0x00000188       0x20 .\CortexM4\ARM_GCC_541\Debug\FILTER_OP0.o
 .debug_aranges
                0x000001a8       0x20 .\CortexM4\ARM_GCC_541\Debug\ADC_PWM.o
 .debug_aranges
                0x000001c8       0x28 .\CortexM4\ARM_GCC_541\Debug\ADC_DMA.o
 .debug_aranges
                0x000001f0       0x28 .\CortexM4\ARM_GCC_541\Debug\OSCILLOSCOPE_UART.o
 .debug_aranges
                0x00000218       0xb0 .\CortexM4\ARM_GCC_541\Debug\cy_ctb.o
 .debug_aranges
                0x000002c8       0x58 .\CortexM4\ARM_GCC_541\Debug\cy_dma.o
 .debug_aranges
                0x00000320       0xb8 .\CortexM4\ARM_GCC_541\Debug\cy_flash.o
 .debug_aranges
                0x000003d8       0x30 .\CortexM4\ARM_GCC_541\Debug\cy_ipc_drv.o
 .debug_aranges
                0x00000408       0x48 .\CortexM4\ARM_GCC_541\Debug\cy_ipc_sema.o
 .debug_aranges
                0x00000450       0x68 .\CortexM4\ARM_GCC_541\Debug\cy_ipc_pipe.o
 .debug_aranges
                0x000004b8       0xe0 .\CortexM4\ARM_GCC_541\Debug\cy_sar.o
 .debug_aranges
                0x00000598       0x68 .\CortexM4\ARM_GCC_541\Debug\cy_scb_common.o
 .debug_aranges
                0x00000600       0xc8 .\CortexM4\ARM_GCC_541\Debug\cy_scb_uart.o
 .debug_aranges
                0x000006c8       0x30 .\CortexM4\ARM_GCC_541\Debug\cy_sysint.o
 .debug_aranges
                0x000006f8       0x78 .\CortexM4\ARM_GCC_541\Debug\cy_syslib.o
 .debug_aranges
                0x00000770       0x20 .\CortexM4\ARM_GCC_541\Debug\cy_syslib_gcc.o
 .debug_aranges
                0x00000790      0x118 .\CortexM4\ARM_GCC_541\Debug\cy_syspm.o
 .debug_aranges
                0x000008a8       0x28 .\CortexM4\ARM_GCC_541\Debug\cy_tcpwm_pwm.o
 .debug_aranges
                0x000008d0       0x20 .\CortexM4\ARM_GCC_541\Debug\cy_device.o

.debug_loc      0x00000000     0x70f1
 .debug_loc     0x00000000       0xe0 .\CortexM4\ARM_GCC_541\Debug\main_cm4.o
 .debug_loc     0x000000e0      0x1f7 .\CortexM4\ARM_GCC_541\Debug\system_psoc6_cm4.o
 .debug_loc     0x000002d7      0x219 .\CortexM4\ARM_GCC_541\Debug\OSCILLOSCOPE_ADC.o
 .debug_loc     0x000004f0       0x48 .\CortexM4\ARM_GCC_541\Debug\OSCILLOSCOPE_ADC_INT.o
 .debug_loc     0x00000538       0x18 .\CortexM4\ARM_GCC_541\Debug\FILTER_OP1.o
 .debug_loc     0x00000550       0x18 .\CortexM4\ARM_GCC_541\Debug\FILTER_OP0.o
 .debug_loc     0x00000568       0x58 .\CortexM4\ARM_GCC_541\Debug\ADC_PWM.o
 .debug_loc     0x000005c0       0xf2 .\CortexM4\ARM_GCC_541\Debug\ADC_DMA.o
 .debug_loc     0x000006b2       0x2b .\CortexM4\ARM_GCC_541\Debug\OSCILLOSCOPE_UART.o
 .debug_loc     0x000006dd      0xa28 .\CortexM4\ARM_GCC_541\Debug\cy_ctb.o
 .debug_loc     0x00001105      0x515 .\CortexM4\ARM_GCC_541\Debug\cy_dma.o
 .debug_loc     0x0000161a      0xd86 .\CortexM4\ARM_GCC_541\Debug\cy_flash.o
 .debug_loc     0x000023a0      0x2a1 .\CortexM4\ARM_GCC_541\Debug\cy_ipc_drv.o
 .debug_loc     0x00002641      0x76b .\CortexM4\ARM_GCC_541\Debug\cy_ipc_sema.o
 .debug_loc     0x00002dac      0x7e2 .\CortexM4\ARM_GCC_541\Debug\cy_ipc_pipe.o
 .debug_loc     0x0000358e      0xeaa .\CortexM4\ARM_GCC_541\Debug\cy_sar.o
 .debug_loc     0x00004438      0x588 .\CortexM4\ARM_GCC_541\Debug\cy_scb_common.o
 .debug_loc     0x000049c0     0x1386 .\CortexM4\ARM_GCC_541\Debug\cy_scb_uart.o
 .debug_loc     0x00005d46      0x223 .\CortexM4\ARM_GCC_541\Debug\cy_sysint.o
 .debug_loc     0x00005f69      0x215 .\CortexM4\ARM_GCC_541\Debug\cy_syslib.o
 .debug_loc     0x0000617e      0xe9a .\CortexM4\ARM_GCC_541\Debug\cy_syspm.o
 .debug_loc     0x00007018       0xd9 .\CortexM4\ARM_GCC_541\Debug\cy_tcpwm_pwm.o

.debug_ranges   0x00000000      0x7b0
 .debug_ranges  0x00000000       0x18 .\CortexM4\ARM_GCC_541\Debug\main_cm4.o
 .debug_ranges  0x00000018       0x48 .\CortexM4\ARM_GCC_541\Debug\system_psoc6_cm4.o
 .debug_ranges  0x00000060       0x68 .\CortexM4\ARM_GCC_541\Debug\OSCILLOSCOPE_ADC.o
 .debug_ranges  0x000000c8       0x10 .\CortexM4\ARM_GCC_541\Debug\OSCILLOSCOPE_ADC_INT.o
 .debug_ranges  0x000000d8       0x10 .\CortexM4\ARM_GCC_541\Debug\FILTER_OP1.o
 .debug_ranges  0x000000e8       0x10 .\CortexM4\ARM_GCC_541\Debug\FILTER_OP0.o
 .debug_ranges  0x000000f8       0x10 .\CortexM4\ARM_GCC_541\Debug\ADC_PWM.o
 .debug_ranges  0x00000108       0x18 .\CortexM4\ARM_GCC_541\Debug\ADC_DMA.o
 .debug_ranges  0x00000120       0x18 .\CortexM4\ARM_GCC_541\Debug\OSCILLOSCOPE_UART.o
 .debug_ranges  0x00000138       0xa0 .\CortexM4\ARM_GCC_541\Debug\cy_ctb.o
 .debug_ranges  0x000001d8       0x48 .\CortexM4\ARM_GCC_541\Debug\cy_dma.o
 .debug_ranges  0x00000220       0xd0 .\CortexM4\ARM_GCC_541\Debug\cy_flash.o
 .debug_ranges  0x000002f0       0x20 .\CortexM4\ARM_GCC_541\Debug\cy_ipc_drv.o
 .debug_ranges  0x00000310       0x38 .\CortexM4\ARM_GCC_541\Debug\cy_ipc_sema.o
 .debug_ranges  0x00000348       0x58 .\CortexM4\ARM_GCC_541\Debug\cy_ipc_pipe.o
 .debug_ranges  0x000003a0       0xd0 .\CortexM4\ARM_GCC_541\Debug\cy_sar.o
 .debug_ranges  0x00000470       0x88 .\CortexM4\ARM_GCC_541\Debug\cy_scb_common.o
 .debug_ranges  0x000004f8       0xd0 .\CortexM4\ARM_GCC_541\Debug\cy_scb_uart.o
 .debug_ranges  0x000005c8       0x20 .\CortexM4\ARM_GCC_541\Debug\cy_sysint.o
 .debug_ranges  0x000005e8       0x68 .\CortexM4\ARM_GCC_541\Debug\cy_syslib.o
 .debug_ranges  0x00000650      0x138 .\CortexM4\ARM_GCC_541\Debug\cy_syspm.o
 .debug_ranges  0x00000788       0x18 .\CortexM4\ARM_GCC_541\Debug\cy_tcpwm_pwm.o
 .debug_ranges  0x000007a0       0x10 .\CortexM4\ARM_GCC_541\Debug\cy_device.o

.debug_str      0x00000000     0x93b1
 .debug_str     0x00000000     0x1afb .\CortexM4\ARM_GCC_541\Debug\main_cm4.o
                               0x1be3 (size before relaxing)
 .debug_str     0x00001afb     0x1b20 .\CortexM4\ARM_GCC_541\Debug\system_psoc6_cm4.o
                               0x23d5 (size before relaxing)
 .debug_str     0x0000361b       0x89 .\CortexM4\ARM_GCC_541\Debug\cyfitter_sysint_cfg.o
                               0x17e3 (size before relaxing)
 .debug_str     0x000036a4       0x30 .\CortexM4\ARM_GCC_541\Debug\cymetadata.o
                                0x1d3 (size before relaxing)
 .debug_str     0x000036d4      0x4db .\CortexM4\ARM_GCC_541\Debug\OSCILLOSCOPE_ADC.o
                               0x215e (size before relaxing)
 .debug_str     0x00003baf       0x7f .\CortexM4\ARM_GCC_541\Debug\OSCILLOSCOPE_ADC_INT.o
                                0xcee (size before relaxing)
 .debug_str     0x00003c2e       0x4a .\CortexM4\ARM_GCC_541\Debug\OSCILLOSCOPE_ADC_INIT.o
                                0x9a8 (size before relaxing)
 .debug_str     0x00003c78      0x1c9 .\CortexM4\ARM_GCC_541\Debug\FILTER_OP1.o
                                0xcfe (size before relaxing)
 .debug_str     0x00003e41       0x59 .\CortexM4\ARM_GCC_541\Debug\FILTER_OP0.o
                                0xcfe (size before relaxing)
 .debug_str     0x00003e9a      0x120 .\CortexM4\ARM_GCC_541\Debug\ADC_PWM.o
                                0x4f1 (size before relaxing)
 .debug_str     0x00003fba       0x60 .\CortexM4\ARM_GCC_541\Debug\ADC_DMA.o
                                0xdca (size before relaxing)
 .debug_str     0x0000401a      0x42b .\CortexM4\ARM_GCC_541\Debug\OSCILLOSCOPE_UART.o
                               0x206f (size before relaxing)
 .debug_str     0x00004445      0xcf8 .\CortexM4\ARM_GCC_541\Debug\cy_ctb.o
                               0x19a9 (size before relaxing)
 .debug_str     0x0000513d      0x205 .\CortexM4\ARM_GCC_541\Debug\cy_dma.o
                                0xf5d (size before relaxing)
 .debug_str     0x00005342     0x105b .\CortexM4\ARM_GCC_541\Debug\cy_flash.o
                               0x2dd2 (size before relaxing)
 .debug_str     0x0000639d       0xfd .\CortexM4\ARM_GCC_541\Debug\cy_ipc_drv.o
                                0x994 (size before relaxing)
 .debug_str     0x0000649a       0xe1 .\CortexM4\ARM_GCC_541\Debug\cy_ipc_sema.o
                                0xb81 (size before relaxing)
 .debug_str     0x0000657b      0x306 .\CortexM4\ARM_GCC_541\Debug\cy_ipc_pipe.o
                               0x20a3 (size before relaxing)
 .debug_str     0x00006881      0x652 .\CortexM4\ARM_GCC_541\Debug\cy_sar.o
                               0x147a (size before relaxing)
 .debug_str     0x00006ed3      0x1f8 .\CortexM4\ARM_GCC_541\Debug\cy_scb_common.o
                                0xcbd (size before relaxing)
 .debug_str     0x000070cb      0x502 .\CortexM4\ARM_GCC_541\Debug\cy_scb_uart.o
                               0x16ed (size before relaxing)
 .debug_str     0x000075cd       0xdf .\CortexM4\ARM_GCC_541\Debug\cy_sysint.o
                               0x1974 (size before relaxing)
 .debug_str     0x000076ac      0xa92 .\CortexM4\ARM_GCC_541\Debug\cy_syslib.o
                               0x1cc7 (size before relaxing)
 .debug_str     0x0000813e     0x117f .\CortexM4\ARM_GCC_541\Debug\cy_syspm.o
                               0x2b8e (size before relaxing)
 .debug_str     0x000092bd       0x97 .\CortexM4\ARM_GCC_541\Debug\cy_tcpwm_pwm.o
                                0x4fe (size before relaxing)
 .debug_str     0x00009354       0x5d .\CortexM4\ARM_GCC_541\Debug\cy_device.o
                                0x7e1 (size before relaxing)

.debug_frame    0x00000000     0x194c
 .debug_frame   0x00000000       0x4c .\CortexM4\ARM_GCC_541\Debug\main_cm4.o
 .debug_frame   0x0000004c       0x84 .\CortexM4\ARM_GCC_541\Debug\system_psoc6_cm4.o
 .debug_frame   0x000000d0      0x150 .\CortexM4\ARM_GCC_541\Debug\OSCILLOSCOPE_ADC.o
 .debug_frame   0x00000220       0x2c .\CortexM4\ARM_GCC_541\Debug\OSCILLOSCOPE_ADC_INT.o
 .debug_frame   0x0000024c       0x2c .\CortexM4\ARM_GCC_541\Debug\FILTER_OP1.o
 .debug_frame   0x00000278       0x2c .\CortexM4\ARM_GCC_541\Debug\FILTER_OP0.o
 .debug_frame   0x000002a4       0x2c .\CortexM4\ARM_GCC_541\Debug\ADC_PWM.o
 .debug_frame   0x000002d0       0x50 .\CortexM4\ARM_GCC_541\Debug\ADC_DMA.o
 .debug_frame   0x00000320       0x48 .\CortexM4\ARM_GCC_541\Debug\OSCILLOSCOPE_UART.o
 .debug_frame   0x00000368      0x288 .\CortexM4\ARM_GCC_541\Debug\cy_ctb.o
 .debug_frame   0x000005f0      0x130 .\CortexM4\ARM_GCC_541\Debug\cy_dma.o
 .debug_frame   0x00000720      0x258 .\CortexM4\ARM_GCC_541\Debug\cy_flash.o
 .debug_frame   0x00000978       0x70 .\CortexM4\ARM_GCC_541\Debug\cy_ipc_drv.o
 .debug_frame   0x000009e8       0xd8 .\CortexM4\ARM_GCC_541\Debug\cy_ipc_sema.o
 .debug_frame   0x00000ac0      0x164 .\CortexM4\ARM_GCC_541\Debug\cy_ipc_pipe.o
 .debug_frame   0x00000c24      0x328 .\CortexM4\ARM_GCC_541\Debug\cy_sar.o
 .debug_frame   0x00000f4c      0x12c .\CortexM4\ARM_GCC_541\Debug\cy_scb_common.o
 .debug_frame   0x00001078      0x27c .\CortexM4\ARM_GCC_541\Debug\cy_scb_uart.o
 .debug_frame   0x000012f4       0x7c .\CortexM4\ARM_GCC_541\Debug\cy_sysint.o
 .debug_frame   0x00001370      0x12c .\CortexM4\ARM_GCC_541\Debug\cy_syslib.o
 .debug_frame   0x0000149c      0x3dc .\CortexM4\ARM_GCC_541\Debug\cy_syspm.o
 .debug_frame   0x00001878       0x6c .\CortexM4\ARM_GCC_541\Debug\cy_tcpwm_pwm.o
 .debug_frame   0x000018e4       0x20 .\CortexM4\ARM_GCC_541\Debug\cy_device.o
 .debug_frame   0x00001904       0x20 c:/program files (x86)/cypress/psoc creator/4.4/psoc creator/import/gnu/arm/5.4.1/bin/../lib/gcc/arm-none-eabi/5.4.1/../../../../arm-none-eabi/lib/armv7e-m/softfp\libg_nano.a(lib_a-memset.o)
 .debug_frame   0x00001924       0x28 c:/program files (x86)/cypress/psoc creator/4.4/psoc creator/import/gnu/arm/5.4.1/bin/../lib/gcc/arm-none-eabi/5.4.1/../../../../arm-none-eabi/lib/armv7e-m/softfp\libg_nano.a(lib_a-strncpy.o)
